// Jest Snapshot v1, https://goo.gl/fbAQLP

exports[`Options Options validation 1`] = `"Cannot inline shared worker."`;

exports[`Options Options validation 2`] = `"Cannot inline service worker."`;
